{"level":"info","ts":1647520379.615105,"msg":"Success..","statusCode":"200 OK","url":"https://www.baidu.com"}
{"level":"info","ts":1647520379.692191,"msg":"Success..{statusCode 15 0 200 OK <nil>} {url 15 0 https://www.baidu.com <nil>}"}
